{
  "/simple/a.js": [
    "/simple/b.js",
    "/simple/folder/c.js"
  ],
  "/simple/folder/c.js": [
    "/simple/folder/d.js"
  ]
}
